error TS6305: Output file 'C:/Users/korri/OneDrive/Desktop/Constructly-AI-main/src/App.d.ts' has not been built from source file 'C:/Users/korri/OneDrive/Desktop/Constructly-AI-main/src/App.tsx'.
  The file is in the program because:
    Matched by include pattern 'src' in 'C:/Users/korri/OneDrive/Desktop/Constructly-AI-main/tsconfig.json'
error TS6305: Output file 'C:/Users/korri/OneDrive/Desktop/Constructly-AI-main/src/components/AdminConfigDialogs.d.ts' has not been built from source file 'C:/Users/korri/OneDrive/Desktop/Constructly-AI-main/src/components/AdminConfigDialogs.tsx'.
  The file is in the program because:
    Matched by include pattern 'src' in 'C:/Users/korri/OneDrive/Desktop/Constructly-AI-main/tsconfig.json'
error TS6305: Output file 'C:/Users/korri/OneDrive/Desktop/Constructly-AI-main/src/components/BOQBuilder.d.ts' has not been built from source file 'C:/Users/korri/OneDrive/Desktop/Constructly-AI-main/src/components/BOQBuilder.tsx'.
  The file is in the program because:
    Matched by include pattern 'src' in 'C:/Users/korri/OneDrive/Desktop/Constructly-AI-main/tsconfig.json'
error TS6305: Output file 'C:/Users/korri/OneDrive/Desktop/Constructly-AI-main/src/components/Calculator.d.ts' has not been built from source file 'C:/Users/korri/OneDrive/Desktop/Constructly-AI-main/src/components/Calculator.tsx'.
  The file is in the program because:
    Matched by include pattern 'src' in 'C:/Users/korri/OneDrive/Desktop/Constructly-AI-main/tsconfig.json'
error TS6305: Output file 'C:/Users/korri/OneDrive/Desktop/Constructly-AI-main/src/components/Calendar.d.ts' has not been built from source file 'C:/Users/korri/OneDrive/Desktop/Constructly-AI-main/src/components/Calendar.tsx'.
  The file is in the program because:
    Matched by include pattern 'src' in 'C:/Users/korri/OneDrive/Desktop/Constructly-AI-main/tsconfig.json'
error TS6305: Output file 'C:/Users/korri/OneDrive/Desktop/Constructly-AI-main/src/components/CeilingCalculator.d.ts' has not been built from source file 'C:/Users/korri/OneDrive/Desktop/Constructly-AI-main/src/components/CeilingCalculator.tsx'.
  The file is in the program because:
    Matched by include pattern 'src' in 'C:/Users/korri/OneDrive/Desktop/Constructly-AI-main/tsconfig.json'
error TS6305: Output file 'C:/Users/korri/OneDrive/Desktop/Constructly-AI-main/src/components/ConcreteCalculatorForm.d.ts' has not been built from source file 'C:/Users/korri/OneDrive/Desktop/Constructly-AI-main/src/components/ConcreteCalculatorForm.tsx'.
  The file is in the program because:
    Matched by include pattern 'src' in 'C:/Users/korri/OneDrive/Desktop/Constructly-AI-main/tsconfig.json'
error TS6305: Output file 'C:/Users/korri/OneDrive/Desktop/Constructly-AI-main/src/components/CountertopsCalculator.d.ts' has not been built from source file 'C:/Users/korri/OneDrive/Desktop/Constructly-AI-main/src/components/CountertopsCalculator.tsx'.
  The file is in the program because:
    Matched by include pattern 'src' in 'C:/Users/korri/OneDrive/Desktop/Constructly-AI-main/tsconfig.json'
error TS6305: Output file 'C:/Users/korri/OneDrive/Desktop/Constructly-AI-main/src/components/CustomTitleBar.d.ts' has not been built from source file 'C:/Users/korri/OneDrive/Desktop/Constructly-AI-main/src/components/CustomTitleBar.tsx'.
  The file is in the program because:
    Matched by include pattern 'src' in 'C:/Users/korri/OneDrive/Desktop/Constructly-AI-main/tsconfig.json'
error TS6305: Output file 'C:/Users/korri/OneDrive/Desktop/Constructly-AI-main/src/components/DashboardSettings.d.ts' has not been built from source file 'C:/Users/korri/OneDrive/Desktop/Constructly-AI-main/src/components/DashboardSettings.tsx'.
  The file is in the program because:
    Matched by include pattern 'src' in 'C:/Users/korri/OneDrive/Desktop/Constructly-AI-main/tsconfig.json'
error TS6305: Output file 'C:/Users/korri/OneDrive/Desktop/Constructly-AI-main/src/components/DoorWindowPaintCalculator.d.ts' has not been built from source file 'C:/Users/korri/OneDrive/Desktop/Constructly-AI-main/src/components/DoorWindowPaintCalculator.tsx'.
  The file is in the program because:
    Matched by include pattern 'src' in 'C:/Users/korri/OneDrive/Desktop/Constructly-AI-main/tsconfig.json'
error TS6305: Output file 'C:/Users/korri/OneDrive/Desktop/Constructly-AI-main/src/components/DoorsWindowsEditor.d.ts' has not been built from source file 'C:/Users/korri/OneDrive/Desktop/Constructly-AI-main/src/components/DoorsWindowsEditor.tsx'.
  The file is in the program because:
    Matched by include pattern 'src' in 'C:/Users/korri/OneDrive/Desktop/Constructly-AI-main/tsconfig.json'
error TS6305: Output file 'C:/Users/korri/OneDrive/Desktop/Constructly-AI-main/src/components/EarthWorksForm.d.ts' has not been built from source file 'C:/Users/korri/OneDrive/Desktop/Constructly-AI-main/src/components/EarthWorksForm.tsx'.
  The file is in the program because:
    Matched by include pattern 'src' in 'C:/Users/korri/OneDrive/Desktop/Constructly-AI-main/tsconfig.json'
error TS6305: Output file 'C:/Users/korri/OneDrive/Desktop/Constructly-AI-main/src/components/ElectricalCalculator.d.ts' has not been built from source file 'C:/Users/korri/OneDrive/Desktop/Constructly-AI-main/src/components/ElectricalCalculator.tsx'.
  The file is in the program because:
    Matched by include pattern 'src' in 'C:/Users/korri/OneDrive/Desktop/Constructly-AI-main/tsconfig.json'
error TS6305: Output file 'C:/Users/korri/OneDrive/Desktop/Constructly-AI-main/src/components/EquipmentSelector.d.ts' has not been built from source file 'C:/Users/korri/OneDrive/Desktop/Constructly-AI-main/src/components/EquipmentSelector.tsx'.
  The file is in the program because:
    Matched by include pattern 'src' in 'C:/Users/korri/OneDrive/Desktop/Constructly-AI-main/tsconfig.json'
error TS6305: Output file 'C:/Users/korri/OneDrive/Desktop/Constructly-AI-main/src/components/ErrorBoundary.d.ts' has not been built from source file 'C:/Users/korri/OneDrive/Desktop/Constructly-AI-main/src/components/ErrorBoundary.tsx'.
  The file is in the program because:
    Matched by include pattern 'src' in 'C:/Users/korri/OneDrive/Desktop/Constructly-AI-main/tsconfig.json'
error TS6305: Output file 'C:/Users/korri/OneDrive/Desktop/Constructly-AI-main/src/components/ExcelGenerator.d.ts' has not been built from source file 'C:/Users/korri/OneDrive/Desktop/Constructly-AI-main/src/components/ExcelGenerator.tsx'.
  The file is in the program because:
    Matched by include pattern 'src' in 'C:/Users/korri/OneDrive/Desktop/Constructly-AI-main/tsconfig.json'
error TS6305: Output file 'C:/Users/korri/OneDrive/Desktop/Constructly-AI-main/src/components/ExternalFinishesCalculator.d.ts' has not been built from source file 'C:/Users/korri/OneDrive/Desktop/Constructly-AI-main/src/components/ExternalFinishesCalculator.tsx'.
  The file is in the program because:
    Matched by include pattern 'src' in 'C:/Users/korri/OneDrive/Desktop/Constructly-AI-main/tsconfig.json'
error TS6305: Output file 'C:/Users/korri/OneDrive/Desktop/Constructly-AI-main/src/components/FlooringCalculator.d.ts' has not been built from source file 'C:/Users/korri/OneDrive/Desktop/Constructly-AI-main/src/components/FlooringCalculator.tsx'.
  The file is in the program because:
    Matched by include pattern 'src' in 'C:/Users/korri/OneDrive/Desktop/Constructly-AI-main/tsconfig.json'
error TS6305: Output file 'C:/Users/korri/OneDrive/Desktop/Constructly-AI-main/src/components/FoundationWallingCalculator.d.ts' has not been built from source file 'C:/Users/korri/OneDrive/Desktop/Constructly-AI-main/src/components/FoundationWallingCalculator.tsx'.
  The file is in the program because:
    Matched by include pattern 'src' in 'C:/Users/korri/OneDrive/Desktop/Constructly-AI-main/tsconfig.json'
error TS6305: Output file 'C:/Users/korri/OneDrive/Desktop/Constructly-AI-main/src/components/Hero.d.ts' has not been built from source file 'C:/Users/korri/OneDrive/Desktop/Constructly-AI-main/src/components/Hero.tsx'.
  The file is in the program because:
    Matched by include pattern 'src' in 'C:/Users/korri/OneDrive/Desktop/Constructly-AI-main/tsconfig.json'
error TS6305: Output file 'C:/Users/korri/OneDrive/Desktop/Constructly-AI-main/src/components/InternalFinishesCalculator.d.ts' has not been built from source file 'C:/Users/korri/OneDrive/Desktop/Constructly-AI-main/src/components/InternalFinishesCalculator.tsx'.
  The file is in the program because:
    Matched by include pattern 'src' in 'C:/Users/korri/OneDrive/Desktop/Constructly-AI-main/tsconfig.json'
error TS6305: Output file 'C:/Users/korri/OneDrive/Desktop/Constructly-AI-main/src/components/KitchenAndWardrobesCalculator.d.ts' has not been built from source file 'C:/Users/korri/OneDrive/Desktop/Constructly-AI-main/src/components/KitchenAndWardrobesCalculator.tsx'.
  The file is in the program because:
    Matched by include pattern 'src' in 'C:/Users/korri/OneDrive/Desktop/Constructly-AI-main/tsconfig.json'
error TS6305: Output file 'C:/Users/korri/OneDrive/Desktop/Constructly-AI-main/src/components/MasonryCalculatorForm.d.ts' has not been built from source file 'C:/Users/korri/OneDrive/Desktop/Constructly-AI-main/src/components/MasonryCalculatorForm.tsx'.
  The file is in the program because:
    Matched by include pattern 'src' in 'C:/Users/korri/OneDrive/Desktop/Constructly-AI-main/tsconfig.json'
error TS6305: Output file 'C:/Users/korri/OneDrive/Desktop/Constructly-AI-main/src/components/MaterialSchedulePDF.d.ts' has not been built from source file 'C:/Users/korri/OneDrive/Desktop/Constructly-AI-main/src/components/MaterialSchedulePDF.tsx'.
  The file is in the program because:
    Matched by include pattern 'src' in 'C:/Users/korri/OneDrive/Desktop/Constructly-AI-main/tsconfig.json'
error TS6305: Output file 'C:/Users/korri/OneDrive/Desktop/Constructly-AI-main/src/components/Navbar.d.ts' has not been built from source file 'C:/Users/korri/OneDrive/Desktop/Constructly-AI-main/src/components/Navbar.tsx'.
  The file is in the program because:
    Matched by include pattern 'src' in 'C:/Users/korri/OneDrive/Desktop/Constructly-AI-main/tsconfig.json'
error TS6305: Output file 'C:/Users/korri/OneDrive/Desktop/Constructly-AI-main/src/components/OtherFinishes.d.ts' has not been built from source file 'C:/Users/korri/OneDrive/Desktop/Constructly-AI-main/src/components/OtherFinishes.tsx'.
  The file is in the program because:
    Matched by include pattern 'src' in 'C:/Users/korri/OneDrive/Desktop/Constructly-AI-main/tsconfig.json'
error TS6305: Output file 'C:/Users/korri/OneDrive/Desktop/Constructly-AI-main/src/components/PDFGenerator.d.ts' has not been built from source file 'C:/Users/korri/OneDrive/Desktop/Constructly-AI-main/src/components/PDFGenerator.tsx'.
  The file is in the program because:
    Matched by include pattern 'src' in 'C:/Users/korri/OneDrive/Desktop/Constructly-AI-main/tsconfig.json'
error TS6305: Output file 'C:/Users/korri/OneDrive/Desktop/Constructly-AI-main/src/components/PageFooter.d.ts' has not been built from source file 'C:/Users/korri/OneDrive/Desktop/Constructly-AI-main/src/components/PageFooter.tsx'.
  The file is in the program because:
    Matched by include pattern 'src' in 'C:/Users/korri/OneDrive/Desktop/Constructly-AI-main/tsconfig.json'
error TS6305: Output file 'C:/Users/korri/OneDrive/Desktop/Constructly-AI-main/src/components/PageSections.d.ts' has not been built from source file 'C:/Users/korri/OneDrive/Desktop/Constructly-AI-main/src/components/PageSections.tsx'.
  The file is in the program because:
    Matched by include pattern 'src' in 'C:/Users/korri/OneDrive/Desktop/Constructly-AI-main/tsconfig.json'
error TS6305: Output file 'C:/Users/korri/OneDrive/Desktop/Constructly-AI-main/src/components/PaintingCalculator.d.ts' has not been built from source file 'C:/Users/korri/OneDrive/Desktop/Constructly-AI-main/src/components/PaintingCalculator.tsx'.
  The file is in the program because:
    Matched by include pattern 'src' in 'C:/Users/korri/OneDrive/Desktop/Constructly-AI-main/tsconfig.json'
error TS6305: Output file 'C:/Users/korri/OneDrive/Desktop/Constructly-AI-main/src/components/PaintingLayerConfig.d.ts' has not been built from source file 'C:/Users/korri/OneDrive/Desktop/Constructly-AI-main/src/components/PaintingLayerConfig.tsx'.
  The file is in the program because:
    Matched by include pattern 'src' in 'C:/Users/korri/OneDrive/Desktop/Constructly-AI-main/tsconfig.json'
error TS6305: Output file 'C:/Users/korri/OneDrive/Desktop/Constructly-AI-main/src/components/PaymentGate.d.ts' has not been built from source file 'C:/Users/korri/OneDrive/Desktop/Constructly-AI-main/src/components/PaymentGate.tsx'.
  The file is in the program because:
    Matched by include pattern 'src' in 'C:/Users/korri/OneDrive/Desktop/Constructly-AI-main/tsconfig.json'
error TS6305: Output file 'C:/Users/korri/OneDrive/Desktop/Constructly-AI-main/src/components/PlumbingCalculator.d.ts' has not been built from source file 'C:/Users/korri/OneDrive/Desktop/Constructly-AI-main/src/components/PlumbingCalculator.tsx'.
  The file is in the program because:
    Matched by include pattern 'src' in 'C:/Users/korri/OneDrive/Desktop/Constructly-AI-main/tsconfig.json'
error TS6305: Output file 'C:/Users/korri/OneDrive/Desktop/Constructly-AI-main/src/components/PreliminariesBuilder.d.ts' has not been built from source file 'C:/Users/korri/OneDrive/Desktop/Constructly-AI-main/src/components/PreliminariesBuilder.tsx'.
  The file is in the program because:
    Matched by include pattern 'src' in 'C:/Users/korri/OneDrive/Desktop/Constructly-AI-main/tsconfig.json'
error TS6305: Output file 'C:/Users/korri/OneDrive/Desktop/Constructly-AI-main/src/components/PreliminariesOptionsPage.d.ts' has not been built from source file 'C:/Users/korri/OneDrive/Desktop/Constructly-AI-main/src/components/PreliminariesOptionsPage.tsx'.
  The file is in the program because:
    Matched by include pattern 'src' in 'C:/Users/korri/OneDrive/Desktop/Constructly-AI-main/tsconfig.json'
error TS6305: Output file 'C:/Users/korri/OneDrive/Desktop/Constructly-AI-main/src/components/ProfilePictureUpload.d.ts' has not been built from source file 'C:/Users/korri/OneDrive/Desktop/Constructly-AI-main/src/components/ProfilePictureUpload.tsx'.
  The file is in the program because:
    Matched by include pattern 'src' in 'C:/Users/korri/OneDrive/Desktop/Constructly-AI-main/tsconfig.json'
error TS6305: Output file 'C:/Users/korri/OneDrive/Desktop/Constructly-AI-main/src/components/ProjectProgress.d.ts' has not been built from source file 'C:/Users/korri/OneDrive/Desktop/Constructly-AI-main/src/components/ProjectProgress.tsx'.
  The file is in the program because:
    Matched by include pattern 'src' in 'C:/Users/korri/OneDrive/Desktop/Constructly-AI-main/tsconfig.json'
error TS6305: Output file 'C:/Users/korri/OneDrive/Desktop/Constructly-AI-main/src/components/ProtectedRoute.d.ts' has not been built from source file 'C:/Users/korri/OneDrive/Desktop/Constructly-AI-main/src/components/ProtectedRoute.tsx'.
  The file is in the program because:
    Matched by include pattern 'src' in 'C:/Users/korri/OneDrive/Desktop/Constructly-AI-main/tsconfig.json'
error TS6305: Output file 'C:/Users/korri/OneDrive/Desktop/Constructly-AI-main/src/components/PublicLayout.d.ts' has not been built from source file 'C:/Users/korri/OneDrive/Desktop/Constructly-AI-main/src/components/PublicLayout.tsx'.
  The file is in the program because:
    Matched by include pattern 'src' in 'C:/Users/korri/OneDrive/Desktop/Constructly-AI-main/tsconfig.json'
error TS6305: Output file 'C:/Users/korri/OneDrive/Desktop/Constructly-AI-main/src/components/QSSettings.d.ts' has not been built from source file 'C:/Users/korri/OneDrive/Desktop/Constructly-AI-main/src/components/QSSettings.tsx'.
  The file is in the program because:
    Matched by include pattern 'src' in 'C:/Users/korri/OneDrive/Desktop/Constructly-AI-main/tsconfig.json'
error TS6305: Output file 'C:/Users/korri/OneDrive/Desktop/Constructly-AI-main/src/components/QuoteExportDialog.d.ts' has not been built from source file 'C:/Users/korri/OneDrive/Desktop/Constructly-AI-main/src/components/QuoteExportDialog.tsx'.
  The file is in the program because:
    Matched by include pattern 'src' in 'C:/Users/korri/OneDrive/Desktop/Constructly-AI-main/tsconfig.json'
error TS6305: Output file 'C:/Users/korri/OneDrive/Desktop/Constructly-AI-main/src/components/QuotesTab.d.ts' has not been built from source file 'C:/Users/korri/OneDrive/Desktop/Constructly-AI-main/src/components/QuotesTab.tsx'.
  The file is in the program because:
    Matched by include pattern 'src' in 'C:/Users/korri/OneDrive/Desktop/Constructly-AI-main/tsconfig.json'
error TS6305: Output file 'C:/Users/korri/OneDrive/Desktop/Constructly-AI-main/src/components/RebarCalculationForm.d.ts' has not been built from source file 'C:/Users/korri/OneDrive/Desktop/Constructly-AI-main/src/components/RebarCalculationForm.tsx'.
  The file is in the program because:
    Matched by include pattern 'src' in 'C:/Users/korri/OneDrive/Desktop/Constructly-AI-main/tsconfig.json'
error TS6305: Output file 'C:/Users/korri/OneDrive/Desktop/Constructly-AI-main/src/components/RenderMaterialEditor.d.ts' has not been built from source file 'C:/Users/korri/OneDrive/Desktop/Constructly-AI-main/src/components/RenderMaterialEditor.tsx'.
  The file is in the program because:
    Matched by include pattern 'src' in 'C:/Users/korri/OneDrive/Desktop/Constructly-AI-main/tsconfig.json'
error TS6305: Output file 'C:/Users/korri/OneDrive/Desktop/Constructly-AI-main/src/components/Reports.d.ts' has not been built from source file 'C:/Users/korri/OneDrive/Desktop/Constructly-AI-main/src/components/Reports.tsx'.
  The file is in the program because:
    Matched by include pattern 'src' in 'C:/Users/korri/OneDrive/Desktop/Constructly-AI-main/tsconfig.json'
error TS6305: Output file 'C:/Users/korri/OneDrive/Desktop/Constructly-AI-main/src/components/RoofingCalculator.d.ts' has not been built from source file 'C:/Users/korri/OneDrive/Desktop/Constructly-AI-main/src/components/RoofingCalculator.tsx'.
  The file is in the program because:
    Matched by include pattern 'src' in 'C:/Users/korri/OneDrive/Desktop/Constructly-AI-main/tsconfig.json'
error TS6305: Output file 'C:/Users/korri/OneDrive/Desktop/Constructly-AI-main/src/components/ServicesSelector.d.ts' has not been built from source file 'C:/Users/korri/OneDrive/Desktop/Constructly-AI-main/src/components/ServicesSelector.tsx'.
  The file is in the program because:
    Matched by include pattern 'src' in 'C:/Users/korri/OneDrive/Desktop/Constructly-AI-main/tsconfig.json'
error TS6305: Output file 'C:/Users/korri/OneDrive/Desktop/Constructly-AI-main/src/components/SubcontractorsSelector.d.ts' has not been built from source file 'C:/Users/korri/OneDrive/Desktop/Constructly-AI-main/src/components/SubcontractorsSelector.tsx'.
  The file is in the program because:
    Matched by include pattern 'src' in 'C:/Users/korri/OneDrive/Desktop/Constructly-AI-main/tsconfig.json'
error TS6305: Output file 'C:/Users/korri/OneDrive/Desktop/Constructly-AI-main/src/components/Testimonials.d.ts' has not been built from source file 'C:/Users/korri/OneDrive/Desktop/Constructly-AI-main/src/components/Testimonials.tsx'.
  The file is in the program because:
    Matched by include pattern 'src' in 'C:/Users/korri/OneDrive/Desktop/Constructly-AI-main/tsconfig.json'
error TS6305: Output file 'C:/Users/korri/OneDrive/Desktop/Constructly-AI-main/src/components/ThemeToggle.d.ts' has not been built from source file 'C:/Users/korri/OneDrive/Desktop/Constructly-AI-main/src/components/ThemeToggle.tsx'.
  The file is in the program because:
    Matched by include pattern 'src' in 'C:/Users/korri/OneDrive/Desktop/Constructly-AI-main/tsconfig.json'
error TS6305: Output file 'C:/Users/korri/OneDrive/Desktop/Constructly-AI-main/src/components/UpdateNotifier.d.ts' has not been built from source file 'C:/Users/korri/OneDrive/Desktop/Constructly-AI-main/src/components/UpdateNotifier.tsx'.
  The file is in the program because:
    Matched by include pattern 'src' in 'C:/Users/korri/OneDrive/Desktop/Constructly-AI-main/tsconfig.json'
error TS6305: Output file 'C:/Users/korri/OneDrive/Desktop/Constructly-AI-main/src/components/UserGuide.d.ts' has not been built from source file 'C:/Users/korri/OneDrive/Desktop/Constructly-AI-main/src/components/UserGuide.tsx'.
  The file is in the program because:
    Matched by include pattern 'src' in 'C:/Users/korri/OneDrive/Desktop/Constructly-AI-main/tsconfig.json'
error TS6305: Output file 'C:/Users/korri/OneDrive/Desktop/Constructly-AI-main/src/components/WardrobesCalculator.d.ts' has not been built from source file 'C:/Users/korri/OneDrive/Desktop/Constructly-AI-main/src/components/WardrobesCalculator.tsx'.
  The file is in the program because:
    Matched by include pattern 'src' in 'C:/Users/korri/OneDrive/Desktop/Constructly-AI-main/tsconfig.json'
error TS6305: Output file 'C:/Users/korri/OneDrive/Desktop/Constructly-AI-main/src/components/sections/CTABanner.d.ts' has not been built from source file 'C:/Users/korri/OneDrive/Desktop/Constructly-AI-main/src/components/sections/CTABanner.tsx'.
  The file is in the program because:
    Matched by include pattern 'src' in 'C:/Users/korri/OneDrive/Desktop/Constructly-AI-main/tsconfig.json'
error TS6305: Output file 'C:/Users/korri/OneDrive/Desktop/Constructly-AI-main/src/components/sections/FaqSection.d.ts' has not been built from source file 'C:/Users/korri/OneDrive/Desktop/Constructly-AI-main/src/components/sections/FaqSection.tsx'.
  The file is in the program because:
    Matched by include pattern 'src' in 'C:/Users/korri/OneDrive/Desktop/Constructly-AI-main/tsconfig.json'
error TS6305: Output file 'C:/Users/korri/OneDrive/Desktop/Constructly-AI-main/src/components/sections/FaqSection_test.d.ts' has not been built from source file 'C:/Users/korri/OneDrive/Desktop/Constructly-AI-main/src/components/sections/FaqSection_test.tsx'.
  The file is in the program because:
    Matched by include pattern 'src' in 'C:/Users/korri/OneDrive/Desktop/Constructly-AI-main/tsconfig.json'
error TS6305: Output file 'C:/Users/korri/OneDrive/Desktop/Constructly-AI-main/src/components/sections/FeaturesSection.d.ts' has not been built from source file 'C:/Users/korri/OneDrive/Desktop/Constructly-AI-main/src/components/sections/FeaturesSection.tsx'.
  The file is in the program because:
    Matched by include pattern 'src' in 'C:/Users/korri/OneDrive/Desktop/Constructly-AI-main/tsconfig.json'
error TS6305: Output file 'C:/Users/korri/OneDrive/Desktop/Constructly-AI-main/src/components/sections/HowItWorks.d.ts' has not been built from source file 'C:/Users/korri/OneDrive/Desktop/Constructly-AI-main/src/components/sections/HowItWorks.tsx'.
  The file is in the program because:
    Matched by include pattern 'src' in 'C:/Users/korri/OneDrive/Desktop/Constructly-AI-main/tsconfig.json'
error TS6305: Output file 'C:/Users/korri/OneDrive/Desktop/Constructly-AI-main/src/components/sections/NavbarSection.d.ts' has not been built from source file 'C:/Users/korri/OneDrive/Desktop/Constructly-AI-main/src/components/sections/NavbarSection.tsx'.
  The file is in the program because:
    Matched by include pattern 'src' in 'C:/Users/korri/OneDrive/Desktop/Constructly-AI-main/tsconfig.json'
error TS6305: Output file 'C:/Users/korri/OneDrive/Desktop/Constructly-AI-main/src/components/sections/PaymentOptionsSection.d.ts' has not been built from source file 'C:/Users/korri/OneDrive/Desktop/Constructly-AI-main/src/components/sections/PaymentOptionsSection.tsx'.
  The file is in the program because:
    Matched by include pattern 'src' in 'C:/Users/korri/OneDrive/Desktop/Constructly-AI-main/tsconfig.json'
error TS6305: Output file 'C:/Users/korri/OneDrive/Desktop/Constructly-AI-main/src/components/sections/PricingSection.d.ts' has not been built from source file 'C:/Users/korri/OneDrive/Desktop/Constructly-AI-main/src/components/sections/PricingSection.tsx'.
  The file is in the program because:
    Matched by include pattern 'src' in 'C:/Users/korri/OneDrive/Desktop/Constructly-AI-main/tsconfig.json'
error TS6305: Output file 'C:/Users/korri/OneDrive/Desktop/Constructly-AI-main/src/components/sections/TestimonialsSection.d.ts' has not been built from source file 'C:/Users/korri/OneDrive/Desktop/Constructly-AI-main/src/components/sections/TestimonialsSection.tsx'.
  The file is in the program because:
    Matched by include pattern 'src' in 'C:/Users/korri/OneDrive/Desktop/Constructly-AI-main/tsconfig.json'
error TS6305: Output file 'C:/Users/korri/OneDrive/Desktop/Constructly-AI-main/src/components/sections/TrustedCompaniesMarquee.d.ts' has not been built from source file 'C:/Users/korri/OneDrive/Desktop/Constructly-AI-main/src/components/sections/TrustedCompaniesMarquee.tsx'.
  The file is in the program because:
    Matched by include pattern 'src' in 'C:/Users/korri/OneDrive/Desktop/Constructly-AI-main/tsconfig.json'
error TS6305: Output file 'C:/Users/korri/OneDrive/Desktop/Constructly-AI-main/src/components/sections/WhoItsForSection.d.ts' has not been built from source file 'C:/Users/korri/OneDrive/Desktop/Constructly-AI-main/src/components/sections/WhoItsForSection.tsx'.
  The file is in the program because:
    Matched by include pattern 'src' in 'C:/Users/korri/OneDrive/Desktop/Constructly-AI-main/tsconfig.json'
error TS6305: Output file 'C:/Users/korri/OneDrive/Desktop/Constructly-AI-main/src/components/ui/accordion.d.ts' has not been built from source file 'C:/Users/korri/OneDrive/Desktop/Constructly-AI-main/src/components/ui/accordion.tsx'.
  The file is in the program because:
    Matched by include pattern 'src' in 'C:/Users/korri/OneDrive/Desktop/Constructly-AI-main/tsconfig.json'
error TS6305: Output file 'C:/Users/korri/OneDrive/Desktop/Constructly-AI-main/src/components/ui/alert-dialog.d.ts' has not been built from source file 'C:/Users/korri/OneDrive/Desktop/Constructly-AI-main/src/components/ui/alert-dialog.tsx'.
  The file is in the program because:
    Matched by include pattern 'src' in 'C:/Users/korri/OneDrive/Desktop/Constructly-AI-main/tsconfig.json'
error TS6305: Output file 'C:/Users/korri/OneDrive/Desktop/Constructly-AI-main/src/components/ui/alert.d.ts' has not been built from source file 'C:/Users/korri/OneDrive/Desktop/Constructly-AI-main/src/components/ui/alert.tsx'.
  The file is in the program because:
    Matched by include pattern 'src' in 'C:/Users/korri/OneDrive/Desktop/Constructly-AI-main/tsconfig.json'
error TS6305: Output file 'C:/Users/korri/OneDrive/Desktop/Constructly-AI-main/src/components/ui/aspect-ratio.d.ts' has not been built from source file 'C:/Users/korri/OneDrive/Desktop/Constructly-AI-main/src/components/ui/aspect-ratio.tsx'.
  The file is in the program because:
    Matched by include pattern 'src' in 'C:/Users/korri/OneDrive/Desktop/Constructly-AI-main/tsconfig.json'
error TS6305: Output file 'C:/Users/korri/OneDrive/Desktop/Constructly-AI-main/src/components/ui/avatar.d.ts' has not been built from source file 'C:/Users/korri/OneDrive/Desktop/Constructly-AI-main/src/components/ui/avatar.tsx'.
  The file is in the program because:
    Matched by include pattern 'src' in 'C:/Users/korri/OneDrive/Desktop/Constructly-AI-main/tsconfig.json'
error TS6305: Output file 'C:/Users/korri/OneDrive/Desktop/Constructly-AI-main/src/components/ui/badge.d.ts' has not been built from source file 'C:/Users/korri/OneDrive/Desktop/Constructly-AI-main/src/components/ui/badge.tsx'.
  The file is in the program because:
    Matched by include pattern 'src' in 'C:/Users/korri/OneDrive/Desktop/Constructly-AI-main/tsconfig.json'
error TS6305: Output file 'C:/Users/korri/OneDrive/Desktop/Constructly-AI-main/src/components/ui/breadcrumb.d.ts' has not been built from source file 'C:/Users/korri/OneDrive/Desktop/Constructly-AI-main/src/components/ui/breadcrumb.tsx'.
  The file is in the program because:
    Matched by include pattern 'src' in 'C:/Users/korri/OneDrive/Desktop/Constructly-AI-main/tsconfig.json'
error TS6305: Output file 'C:/Users/korri/OneDrive/Desktop/Constructly-AI-main/src/components/ui/button.d.ts' has not been built from source file 'C:/Users/korri/OneDrive/Desktop/Constructly-AI-main/src/components/ui/button.tsx'.
  The file is in the program because:
    Matched by include pattern 'src' in 'C:/Users/korri/OneDrive/Desktop/Constructly-AI-main/tsconfig.json'
error TS6305: Output file 'C:/Users/korri/OneDrive/Desktop/Constructly-AI-main/src/components/ui/calendar.d.ts' has not been built from source file 'C:/Users/korri/OneDrive/Desktop/Constructly-AI-main/src/components/ui/calendar.tsx'.
  The file is in the program because:
    Matched by include pattern 'src' in 'C:/Users/korri/OneDrive/Desktop/Constructly-AI-main/tsconfig.json'
error TS6305: Output file 'C:/Users/korri/OneDrive/Desktop/Constructly-AI-main/src/components/ui/card.d.ts' has not been built from source file 'C:/Users/korri/OneDrive/Desktop/Constructly-AI-main/src/components/ui/card.tsx'.
  The file is in the program because:
    Matched by include pattern 'src' in 'C:/Users/korri/OneDrive/Desktop/Constructly-AI-main/tsconfig.json'
error TS6305: Output file 'C:/Users/korri/OneDrive/Desktop/Constructly-AI-main/src/components/ui/carousel.d.ts' has not been built from source file 'C:/Users/korri/OneDrive/Desktop/Constructly-AI-main/src/components/ui/carousel.tsx'.
  The file is in the program because:
    Matched by include pattern 'src' in 'C:/Users/korri/OneDrive/Desktop/Constructly-AI-main/tsconfig.json'
error TS6305: Output file 'C:/Users/korri/OneDrive/Desktop/Constructly-AI-main/src/components/ui/chart.d.ts' has not been built from source file 'C:/Users/korri/OneDrive/Desktop/Constructly-AI-main/src/components/ui/chart.tsx'.
  The file is in the program because:
    Matched by include pattern 'src' in 'C:/Users/korri/OneDrive/Desktop/Constructly-AI-main/tsconfig.json'
error TS6305: Output file 'C:/Users/korri/OneDrive/Desktop/Constructly-AI-main/src/components/ui/checkbox.d.ts' has not been built from source file 'C:/Users/korri/OneDrive/Desktop/Constructly-AI-main/src/components/ui/checkbox.tsx'.
  The file is in the program because:
    Matched by include pattern 'src' in 'C:/Users/korri/OneDrive/Desktop/Constructly-AI-main/tsconfig.json'
error TS6305: Output file 'C:/Users/korri/OneDrive/Desktop/Constructly-AI-main/src/components/ui/collapsible.d.ts' has not been built from source file 'C:/Users/korri/OneDrive/Desktop/Constructly-AI-main/src/components/ui/collapsible.tsx'.
  The file is in the program because:
    Matched by include pattern 'src' in 'C:/Users/korri/OneDrive/Desktop/Constructly-AI-main/tsconfig.json'
error TS6305: Output file 'C:/Users/korri/OneDrive/Desktop/Constructly-AI-main/src/components/ui/command.d.ts' has not been built from source file 'C:/Users/korri/OneDrive/Desktop/Constructly-AI-main/src/components/ui/command.tsx'.
  The file is in the program because:
    Matched by include pattern 'src' in 'C:/Users/korri/OneDrive/Desktop/Constructly-AI-main/tsconfig.json'
error TS6305: Output file 'C:/Users/korri/OneDrive/Desktop/Constructly-AI-main/src/components/ui/context-menu.d.ts' has not been built from source file 'C:/Users/korri/OneDrive/Desktop/Constructly-AI-main/src/components/ui/context-menu.tsx'.
  The file is in the program because:
    Matched by include pattern 'src' in 'C:/Users/korri/OneDrive/Desktop/Constructly-AI-main/tsconfig.json'
error TS6305: Output file 'C:/Users/korri/OneDrive/Desktop/Constructly-AI-main/src/components/ui/dialog.d.ts' has not been built from source file 'C:/Users/korri/OneDrive/Desktop/Constructly-AI-main/src/components/ui/dialog.tsx'.
  The file is in the program because:
    Matched by include pattern 'src' in 'C:/Users/korri/OneDrive/Desktop/Constructly-AI-main/tsconfig.json'
error TS6305: Output file 'C:/Users/korri/OneDrive/Desktop/Constructly-AI-main/src/components/ui/drawer.d.ts' has not been built from source file 'C:/Users/korri/OneDrive/Desktop/Constructly-AI-main/src/components/ui/drawer.tsx'.
  The file is in the program because:
    Matched by include pattern 'src' in 'C:/Users/korri/OneDrive/Desktop/Constructly-AI-main/tsconfig.json'
error TS6305: Output file 'C:/Users/korri/OneDrive/Desktop/Constructly-AI-main/src/components/ui/dropdown-menu.d.ts' has not been built from source file 'C:/Users/korri/OneDrive/Desktop/Constructly-AI-main/src/components/ui/dropdown-menu.tsx'.
  The file is in the program because:
    Matched by include pattern 'src' in 'C:/Users/korri/OneDrive/Desktop/Constructly-AI-main/tsconfig.json'
error TS6305: Output file 'C:/Users/korri/OneDrive/Desktop/Constructly-AI-main/src/components/ui/form.d.ts' has not been built from source file 'C:/Users/korri/OneDrive/Desktop/Constructly-AI-main/src/components/ui/form.tsx'.
  The file is in the program because:
    Matched by include pattern 'src' in 'C:/Users/korri/OneDrive/Desktop/Constructly-AI-main/tsconfig.json'
error TS6305: Output file 'C:/Users/korri/OneDrive/Desktop/Constructly-AI-main/src/components/ui/hover-card.d.ts' has not been built from source file 'C:/Users/korri/OneDrive/Desktop/Constructly-AI-main/src/components/ui/hover-card.tsx'.
  The file is in the program because:
    Matched by include pattern 'src' in 'C:/Users/korri/OneDrive/Desktop/Constructly-AI-main/tsconfig.json'
error TS6305: Output file 'C:/Users/korri/OneDrive/Desktop/Constructly-AI-main/src/components/ui/input-otp.d.ts' has not been built from source file 'C:/Users/korri/OneDrive/Desktop/Constructly-AI-main/src/components/ui/input-otp.tsx'.
  The file is in the program because:
    Matched by include pattern 'src' in 'C:/Users/korri/OneDrive/Desktop/Constructly-AI-main/tsconfig.json'
error TS6305: Output file 'C:/Users/korri/OneDrive/Desktop/Constructly-AI-main/src/components/ui/input.d.ts' has not been built from source file 'C:/Users/korri/OneDrive/Desktop/Constructly-AI-main/src/components/ui/input.tsx'.
  The file is in the program because:
    Matched by include pattern 'src' in 'C:/Users/korri/OneDrive/Desktop/Constructly-AI-main/tsconfig.json'
error TS6305: Output file 'C:/Users/korri/OneDrive/Desktop/Constructly-AI-main/src/components/ui/label.d.ts' has not been built from source file 'C:/Users/korri/OneDrive/Desktop/Constructly-AI-main/src/components/ui/label.tsx'.
  The file is in the program because:
    Matched by include pattern 'src' in 'C:/Users/korri/OneDrive/Desktop/Constructly-AI-main/tsconfig.json'
error TS6305: Output file 'C:/Users/korri/OneDrive/Desktop/Constructly-AI-main/src/components/ui/menubar.d.ts' has not been built from source file 'C:/Users/korri/OneDrive/Desktop/Constructly-AI-main/src/components/ui/menubar.tsx'.
  The file is in the program because:
    Matched by include pattern 'src' in 'C:/Users/korri/OneDrive/Desktop/Constructly-AI-main/tsconfig.json'
error TS6305: Output file 'C:/Users/korri/OneDrive/Desktop/Constructly-AI-main/src/components/ui/navigation-menu.d.ts' has not been built from source file 'C:/Users/korri/OneDrive/Desktop/Constructly-AI-main/src/components/ui/navigation-menu.tsx'.
  The file is in the program because:
    Matched by include pattern 'src' in 'C:/Users/korri/OneDrive/Desktop/Constructly-AI-main/tsconfig.json'
error TS6305: Output file 'C:/Users/korri/OneDrive/Desktop/Constructly-AI-main/src/components/ui/pagination.d.ts' has not been built from source file 'C:/Users/korri/OneDrive/Desktop/Constructly-AI-main/src/components/ui/pagination.tsx'.
  The file is in the program because:
    Matched by include pattern 'src' in 'C:/Users/korri/OneDrive/Desktop/Constructly-AI-main/tsconfig.json'
error TS6305: Output file 'C:/Users/korri/OneDrive/Desktop/Constructly-AI-main/src/components/ui/popover.d.ts' has not been built from source file 'C:/Users/korri/OneDrive/Desktop/Constructly-AI-main/src/components/ui/popover.tsx'.
  The file is in the program because:
    Matched by include pattern 'src' in 'C:/Users/korri/OneDrive/Desktop/Constructly-AI-main/tsconfig.json'
error TS6305: Output file 'C:/Users/korri/OneDrive/Desktop/Constructly-AI-main/src/components/ui/progress.d.ts' has not been built from source file 'C:/Users/korri/OneDrive/Desktop/Constructly-AI-main/src/components/ui/progress.tsx'.
  The file is in the program because:
    Matched by include pattern 'src' in 'C:/Users/korri/OneDrive/Desktop/Constructly-AI-main/tsconfig.json'
error TS6305: Output file 'C:/Users/korri/OneDrive/Desktop/Constructly-AI-main/src/components/ui/radio-group.d.ts' has not been built from source file 'C:/Users/korri/OneDrive/Desktop/Constructly-AI-main/src/components/ui/radio-group.tsx'.
  The file is in the program because:
    Matched by include pattern 'src' in 'C:/Users/korri/OneDrive/Desktop/Constructly-AI-main/tsconfig.json'
error TS6305: Output file 'C:/Users/korri/OneDrive/Desktop/Constructly-AI-main/src/components/ui/resizable.d.ts' has not been built from source file 'C:/Users/korri/OneDrive/Desktop/Constructly-AI-main/src/components/ui/resizable.tsx'.
  The file is in the program because:
    Matched by include pattern 'src' in 'C:/Users/korri/OneDrive/Desktop/Constructly-AI-main/tsconfig.json'
error TS6305: Output file 'C:/Users/korri/OneDrive/Desktop/Constructly-AI-main/src/components/ui/scroll-area.d.ts' has not been built from source file 'C:/Users/korri/OneDrive/Desktop/Constructly-AI-main/src/components/ui/scroll-area.tsx'.
  The file is in the program because:
    Matched by include pattern 'src' in 'C:/Users/korri/OneDrive/Desktop/Constructly-AI-main/tsconfig.json'
error TS6305: Output file 'C:/Users/korri/OneDrive/Desktop/Constructly-AI-main/src/components/ui/select.d.ts' has not been built from source file 'C:/Users/korri/OneDrive/Desktop/Constructly-AI-main/src/components/ui/select.tsx'.
  The file is in the program because:
    Matched by include pattern 'src' in 'C:/Users/korri/OneDrive/Desktop/Constructly-AI-main/tsconfig.json'
error TS6305: Output file 'C:/Users/korri/OneDrive/Desktop/Constructly-AI-main/src/components/ui/separator.d.ts' has not been built from source file 'C:/Users/korri/OneDrive/Desktop/Constructly-AI-main/src/components/ui/separator.tsx'.
  The file is in the program because:
    Matched by include pattern 'src' in 'C:/Users/korri/OneDrive/Desktop/Constructly-AI-main/tsconfig.json'
error TS6305: Output file 'C:/Users/korri/OneDrive/Desktop/Constructly-AI-main/src/components/ui/sheet.d.ts' has not been built from source file 'C:/Users/korri/OneDrive/Desktop/Constructly-AI-main/src/components/ui/sheet.tsx'.
  The file is in the program because:
    Matched by include pattern 'src' in 'C:/Users/korri/OneDrive/Desktop/Constructly-AI-main/tsconfig.json'
error TS6305: Output file 'C:/Users/korri/OneDrive/Desktop/Constructly-AI-main/src/components/ui/sidebar.d.ts' has not been built from source file 'C:/Users/korri/OneDrive/Desktop/Constructly-AI-main/src/components/ui/sidebar.tsx'.
  The file is in the program because:
    Matched by include pattern 'src' in 'C:/Users/korri/OneDrive/Desktop/Constructly-AI-main/tsconfig.json'
error TS6305: Output file 'C:/Users/korri/OneDrive/Desktop/Constructly-AI-main/src/components/ui/skeleton.d.ts' has not been built from source file 'C:/Users/korri/OneDrive/Desktop/Constructly-AI-main/src/components/ui/skeleton.tsx'.
  The file is in the program because:
    Matched by include pattern 'src' in 'C:/Users/korri/OneDrive/Desktop/Constructly-AI-main/tsconfig.json'
error TS6305: Output file 'C:/Users/korri/OneDrive/Desktop/Constructly-AI-main/src/components/ui/slider.d.ts' has not been built from source file 'C:/Users/korri/OneDrive/Desktop/Constructly-AI-main/src/components/ui/slider.tsx'.
  The file is in the program because:
    Matched by include pattern 'src' in 'C:/Users/korri/OneDrive/Desktop/Constructly-AI-main/tsconfig.json'
error TS6305: Output file 'C:/Users/korri/OneDrive/Desktop/Constructly-AI-main/src/components/ui/sonner.d.ts' has not been built from source file 'C:/Users/korri/OneDrive/Desktop/Constructly-AI-main/src/components/ui/sonner.tsx'.
  The file is in the program because:
    Matched by include pattern 'src' in 'C:/Users/korri/OneDrive/Desktop/Constructly-AI-main/tsconfig.json'
error TS6305: Output file 'C:/Users/korri/OneDrive/Desktop/Constructly-AI-main/src/components/ui/switch.d.ts' has not been built from source file 'C:/Users/korri/OneDrive/Desktop/Constructly-AI-main/src/components/ui/switch.tsx'.
  The file is in the program because:
    Matched by include pattern 'src' in 'C:/Users/korri/OneDrive/Desktop/Constructly-AI-main/tsconfig.json'
error TS6305: Output file 'C:/Users/korri/OneDrive/Desktop/Constructly-AI-main/src/components/ui/table.d.ts' has not been built from source file 'C:/Users/korri/OneDrive/Desktop/Constructly-AI-main/src/components/ui/table.tsx'.
  The file is in the program because:
    Matched by include pattern 'src' in 'C:/Users/korri/OneDrive/Desktop/Constructly-AI-main/tsconfig.json'
error TS6305: Output file 'C:/Users/korri/OneDrive/Desktop/Constructly-AI-main/src/components/ui/tabs.d.ts' has not been built from source file 'C:/Users/korri/OneDrive/Desktop/Constructly-AI-main/src/components/ui/tabs.tsx'.
  The file is in the program because:
    Matched by include pattern 'src' in 'C:/Users/korri/OneDrive/Desktop/Constructly-AI-main/tsconfig.json'
error TS6305: Output file 'C:/Users/korri/OneDrive/Desktop/Constructly-AI-main/src/components/ui/textarea.d.ts' has not been built from source file 'C:/Users/korri/OneDrive/Desktop/Constructly-AI-main/src/components/ui/textarea.tsx'.
  The file is in the program because:
    Matched by include pattern 'src' in 'C:/Users/korri/OneDrive/Desktop/Constructly-AI-main/tsconfig.json'
error TS6305: Output file 'C:/Users/korri/OneDrive/Desktop/Constructly-AI-main/src/components/ui/timepicker.d.ts' has not been built from source file 'C:/Users/korri/OneDrive/Desktop/Constructly-AI-main/src/components/ui/timepicker.tsx'.
  The file is in the program because:
    Matched by include pattern 'src' in 'C:/Users/korri/OneDrive/Desktop/Constructly-AI-main/tsconfig.json'
error TS6305: Output file 'C:/Users/korri/OneDrive/Desktop/Constructly-AI-main/src/components/ui/toast.d.ts' has not been built from source file 'C:/Users/korri/OneDrive/Desktop/Constructly-AI-main/src/components/ui/toast.tsx'.
  The file is in the program because:
    Matched by include pattern 'src' in 'C:/Users/korri/OneDrive/Desktop/Constructly-AI-main/tsconfig.json'
error TS6305: Output file 'C:/Users/korri/OneDrive/Desktop/Constructly-AI-main/src/components/ui/toaster.d.ts' has not been built from source file 'C:/Users/korri/OneDrive/Desktop/Constructly-AI-main/src/components/ui/toaster.tsx'.
  The file is in the program because:
    Matched by include pattern 'src' in 'C:/Users/korri/OneDrive/Desktop/Constructly-AI-main/tsconfig.json'
error TS6305: Output file 'C:/Users/korri/OneDrive/Desktop/Constructly-AI-main/src/components/ui/toggle-group.d.ts' has not been built from source file 'C:/Users/korri/OneDrive/Desktop/Constructly-AI-main/src/components/ui/toggle-group.tsx'.
  The file is in the program because:
    Matched by include pattern 'src' in 'C:/Users/korri/OneDrive/Desktop/Constructly-AI-main/tsconfig.json'
error TS6305: Output file 'C:/Users/korri/OneDrive/Desktop/Constructly-AI-main/src/components/ui/toggle.d.ts' has not been built from source file 'C:/Users/korri/OneDrive/Desktop/Constructly-AI-main/src/components/ui/toggle.tsx'.
  The file is in the program because:
    Matched by include pattern 'src' in 'C:/Users/korri/OneDrive/Desktop/Constructly-AI-main/tsconfig.json'
error TS6305: Output file 'C:/Users/korri/OneDrive/Desktop/Constructly-AI-main/src/components/ui/tooltip.d.ts' has not been built from source file 'C:/Users/korri/OneDrive/Desktop/Constructly-AI-main/src/components/ui/tooltip.tsx'.
  The file is in the program because:
    Matched by include pattern 'src' in 'C:/Users/korri/OneDrive/Desktop/Constructly-AI-main/tsconfig.json'
error TS6305: Output file 'C:/Users/korri/OneDrive/Desktop/Constructly-AI-main/src/contexts/AuthContext.d.ts' has not been built from source file 'C:/Users/korri/OneDrive/Desktop/Constructly-AI-main/src/contexts/AuthContext.tsx'.
  The file is in the program because:
    Matched by include pattern 'src' in 'C:/Users/korri/OneDrive/Desktop/Constructly-AI-main/tsconfig.json'
error TS6305: Output file 'C:/Users/korri/OneDrive/Desktop/Constructly-AI-main/src/contexts/PlanContext.d.ts' has not been built from source file 'C:/Users/korri/OneDrive/Desktop/Constructly-AI-main/src/contexts/PlanContext.tsx'.
  The file is in the program because:
    Matched by include pattern 'src' in 'C:/Users/korri/OneDrive/Desktop/Constructly-AI-main/tsconfig.json'
error TS6305: Output file 'C:/Users/korri/OneDrive/Desktop/Constructly-AI-main/src/contexts/ThemeContext.d.ts' has not been built from source file 'C:/Users/korri/OneDrive/Desktop/Constructly-AI-main/src/contexts/ThemeContext.tsx'.
  The file is in the program because:
    Matched by include pattern 'src' in 'C:/Users/korri/OneDrive/Desktop/Constructly-AI-main/tsconfig.json'
error TS6305: Output file 'C:/Users/korri/OneDrive/Desktop/Constructly-AI-main/src/hooks/use-mobile.d.ts' has not been built from source file 'C:/Users/korri/OneDrive/Desktop/Constructly-AI-main/src/hooks/use-mobile.tsx'.
  The file is in the program because:
    Matched by include pattern 'src' in 'C:/Users/korri/OneDrive/Desktop/Constructly-AI-main/tsconfig.json'
error TS6305: Output file 'C:/Users/korri/OneDrive/Desktop/Constructly-AI-main/src/main.d.ts' has not been built from source file 'C:/Users/korri/OneDrive/Desktop/Constructly-AI-main/src/main.tsx'.
  The file is in the program because:
    Matched by include pattern 'src' in 'C:/Users/korri/OneDrive/Desktop/Constructly-AI-main/tsconfig.json'
error TS6305: Output file 'C:/Users/korri/OneDrive/Desktop/Constructly-AI-main/src/pages/AdminDashboard.d.ts' has not been built from source file 'C:/Users/korri/OneDrive/Desktop/Constructly-AI-main/src/pages/AdminDashboard.tsx'.
  The file is in the program because:
    Matched by include pattern 'src' in 'C:/Users/korri/OneDrive/Desktop/Constructly-AI-main/tsconfig.json'
error TS6305: Output file 'C:/Users/korri/OneDrive/Desktop/Constructly-AI-main/src/pages/Auth.d.ts' has not been built from source file 'C:/Users/korri/OneDrive/Desktop/Constructly-AI-main/src/pages/Auth.tsx'.
  The file is in the program because:
    Matched by include pattern 'src' in 'C:/Users/korri/OneDrive/Desktop/Constructly-AI-main/tsconfig.json'
error TS6305: Output file 'C:/Users/korri/OneDrive/Desktop/Constructly-AI-main/src/pages/Dashboard.d.ts' has not been built from source file 'C:/Users/korri/OneDrive/Desktop/Constructly-AI-main/src/pages/Dashboard.tsx'.
  The file is in the program because:
    Matched by include pattern 'src' in 'C:/Users/korri/OneDrive/Desktop/Constructly-AI-main/tsconfig.json'
error TS6305: Output file 'C:/Users/korri/OneDrive/Desktop/Constructly-AI-main/src/pages/ErrorPage.d.ts' has not been built from source file 'C:/Users/korri/OneDrive/Desktop/Constructly-AI-main/src/pages/ErrorPage.tsx'.
  The file is in the program because:
    Matched by include pattern 'src' in 'C:/Users/korri/OneDrive/Desktop/Constructly-AI-main/tsconfig.json'
error TS6305: Output file 'C:/Users/korri/OneDrive/Desktop/Constructly-AI-main/src/pages/FaqPage.d.ts' has not been built from source file 'C:/Users/korri/OneDrive/Desktop/Constructly-AI-main/src/pages/FaqPage.tsx'.
  The file is in the program because:
    Matched by include pattern 'src' in 'C:/Users/korri/OneDrive/Desktop/Constructly-AI-main/tsconfig.json'
error TS6305: Output file 'C:/Users/korri/OneDrive/Desktop/Constructly-AI-main/src/pages/Index.d.ts' has not been built from source file 'C:/Users/korri/OneDrive/Desktop/Constructly-AI-main/src/pages/Index.tsx'.
  The file is in the program because:
    Matched by include pattern 'src' in 'C:/Users/korri/OneDrive/Desktop/Constructly-AI-main/tsconfig.json'
error TS6305: Output file 'C:/Users/korri/OneDrive/Desktop/Constructly-AI-main/src/pages/NotFound.d.ts' has not been built from source file 'C:/Users/korri/OneDrive/Desktop/Constructly-AI-main/src/pages/NotFound.tsx'.
  The file is in the program because:
    Matched by include pattern 'src' in 'C:/Users/korri/OneDrive/Desktop/Constructly-AI-main/tsconfig.json'
error TS6305: Output file 'C:/Users/korri/OneDrive/Desktop/Constructly-AI-main/src/pages/PaymentPage.d.ts' has not been built from source file 'C:/Users/korri/OneDrive/Desktop/Constructly-AI-main/src/pages/PaymentPage.tsx'.
  The file is in the program because:
    Matched by include pattern 'src' in 'C:/Users/korri/OneDrive/Desktop/Constructly-AI-main/tsconfig.json'
error TS6305: Output file 'C:/Users/korri/OneDrive/Desktop/Constructly-AI-main/src/pages/Profile.d.ts' has not been built from source file 'C:/Users/korri/OneDrive/Desktop/Constructly-AI-main/src/pages/Profile.tsx'.
  The file is in the program because:
    Matched by include pattern 'src' in 'C:/Users/korri/OneDrive/Desktop/Constructly-AI-main/tsconfig.json'
error TS6305: Output file 'C:/Users/korri/OneDrive/Desktop/Constructly-AI-main/src/pages/QuoteBuilder.d.ts' has not been built from source file 'C:/Users/korri/OneDrive/Desktop/Constructly-AI-main/src/pages/QuoteBuilder.tsx'.
  The file is in the program because:
    Matched by include pattern 'src' in 'C:/Users/korri/OneDrive/Desktop/Constructly-AI-main/tsconfig.json'
error TS6305: Output file 'C:/Users/korri/OneDrive/Desktop/Constructly-AI-main/src/pages/QuoteDetailsPage.d.ts' has not been built from source file 'C:/Users/korri/OneDrive/Desktop/Constructly-AI-main/src/pages/QuoteDetailsPage.tsx'.
  The file is in the program because:
    Matched by include pattern 'src' in 'C:/Users/korri/OneDrive/Desktop/Constructly-AI-main/tsconfig.json'
error TS6305: Output file 'C:/Users/korri/OneDrive/Desktop/Constructly-AI-main/src/pages/QuotePaymentPage.d.ts' has not been built from source file 'C:/Users/korri/OneDrive/Desktop/Constructly-AI-main/src/pages/QuotePaymentPage.tsx'.
  The file is in the program because:
    Matched by include pattern 'src' in 'C:/Users/korri/OneDrive/Desktop/Constructly-AI-main/tsconfig.json'
error TS6305: Output file 'C:/Users/korri/OneDrive/Desktop/Constructly-AI-main/src/pages/UploadPage.d.ts' has not been built from source file 'C:/Users/korri/OneDrive/Desktop/Constructly-AI-main/src/pages/UploadPage.tsx'.
  The file is in the program because:
    Matched by include pattern 'src' in 'C:/Users/korri/OneDrive/Desktop/Constructly-AI-main/tsconfig.json'
error TS6305: Output file 'C:/Users/korri/OneDrive/Desktop/Constructly-AI-main/src/pages/Variables.d.ts' has not been built from source file 'C:/Users/korri/OneDrive/Desktop/Constructly-AI-main/src/pages/Variables.tsx'.
  The file is in the program because:
    Matched by include pattern 'src' in 'C:/Users/korri/OneDrive/Desktop/Constructly-AI-main/tsconfig.json'
error TS6305: Output file 'C:/Users/korri/OneDrive/Desktop/Constructly-AI-main/src/pages/ViewAllQuotes.d.ts' has not been built from source file 'C:/Users/korri/OneDrive/Desktop/Constructly-AI-main/src/pages/ViewAllQuotes.tsx'.
  The file is in the program because:
    Matched by include pattern 'src' in 'C:/Users/korri/OneDrive/Desktop/Constructly-AI-main/tsconfig.json'
error TS6305: Output file 'C:/Users/korri/OneDrive/Desktop/Constructly-AI-main/src/pages/auth/update-password.d.ts' has not been built from source file 'C:/Users/korri/OneDrive/Desktop/Constructly-AI-main/src/pages/auth/update-password.tsx'.
  The file is in the program because:
    Matched by include pattern 'src' in 'C:/Users/korri/OneDrive/Desktop/Constructly-AI-main/tsconfig.json'
error TS6305: Output file 'C:/Users/korri/OneDrive/Desktop/Constructly-AI-main/src/test_hero.d.ts' has not been built from source file 'C:/Users/korri/OneDrive/Desktop/Constructly-AI-main/src/test_hero.tsx'.
  The file is in the program because:
    Matched by include pattern 'src' in 'C:/Users/korri/OneDrive/Desktop/Constructly-AI-main/tsconfig.json'
